// Jest Snapshot v1, https://goo.gl/fbAQLP

exports[`App Smoke Test should match snapshot 1`] = `
<View>
  <Text>
    H2Oasis App
  </Text>
</View>
`;
